// Vitest Snapshot v1

exports[`login > should failed on too many requests 1`] = `
{
  "code": "TOO_MANY_REQUESTS",
  "error": "Too Many Requests",
  "message": "too many failed login attempts",
  "statusCode": 429,
}
`;

exports[`login > should login 1`] = `
{
  "id": 382951,
  "nickname": "树洞酱",
  "username": "382951",
}
`;
