// Vitest Snapshot v1, https://vitest.dev/guide/snapshot.html

exports[`user collection > should get subjects 1`] = `
Object {
  "data": Array [
    Object {
      "comment": "test comment",
      "epStatus": 23,
      "private": false,
      "rate": 0,
      "subject": Object {
        "airtime": Object {
          "date": "2008-04-06",
          "month": 4,
          "weekday": 7,
          "year": 2008,
        },
        "collection": Object {
          "1": 622,
          "2": 13216,
          "3": 147,
          "4": 224,
          "5": 115,
        },
        "eps": 25,
        "id": 8,
        "images": Object {
          "common": "https://lain.bgm.tv/pic/cover/c/c9/f0/8_wK0z3.jpg",
          "grid": "https://lain.bgm.tv/pic/cover/g/c9/f0/8_wK0z3.jpg",
          "large": "https://lain.bgm.tv/pic/cover/l/c9/f0/8_wK0z3.jpg",
          "medium": "https://lain.bgm.tv/pic/cover/m/c9/f0/8_wK0z3.jpg",
          "small": "https://lain.bgm.tv/pic/cover/s/c9/f0/8_wK0z3.jpg",
        },
        "infobox": Object {
          "Copyright": Array [
            Object {
              "v": "（C）2006 SUNRISE inc./MBS",
            },
          ],
          "中文名": Array [
            Object {
              "v": "Code Geass 反叛的鲁路修R2",
            },
          ],
          "人物原案": Array [
            Object {
              "v": "CLAMP",
            },
          ],
          "人物设定": Array [
            Object {
              "v": "木村貴宏",
            },
          ],
          "其他": Array [
            Object {
              "v": "",
            },
          ],
          "其他电视台": Array [
            Object {
              "v": "",
            },
          ],
          "别名": Array [
            Object {
              "v": "叛逆的鲁路修R2",
            },
            Object {
              "v": "Code Geass: Hangyaku no Lelouch R2",
            },
            Object {
              "v": "叛逆的勒鲁什R2",
            },
            Object {
              "v": "叛逆的鲁鲁修R2",
            },
            Object {
              "v": "コードギアス 反逆のルルーシュR2",
            },
            Object {
              "v": "Code Geass: Lelouch of the Rebellion R2",
            },
            Object {
              "v": "叛逆的勒路什R2",
            },
          ],
          "动画制作": Array [
            Object {
              "v": "サンライズ",
            },
          ],
          "官方网站": Array [
            Object {
              "v": "http://www.geass.jp/r2/",
            },
          ],
          "导演": Array [
            Object {
              "v": "谷口悟朗",
            },
          ],
          "摄影监督": Array [
            Object {
              "v": "大矢創太",
            },
          ],
          "播放电视台": Array [
            Object {
              "v": "每日放送",
            },
          ],
          "播放结束": Array [
            Object {
              "v": "2008年9月28日",
            },
          ],
          "放送开始": Array [
            Object {
              "v": "2008年4月6日",
            },
          ],
          "放送星期": Array [
            Object {
              "v": "",
            },
          ],
          "系列构成": Array [
            Object {
              "v": "大河内一楼",
            },
          ],
          "美术监督": Array [
            Object {
              "v": "菱沼由典",
            },
          ],
          "色彩设计": Array [
            Object {
              "v": "岩沢れい子",
            },
          ],
          "话数": Array [
            Object {
              "v": "25",
            },
          ],
          "音乐": Array [
            Object {
              "v": "中川幸太郎、黒石ひとみ",
            },
          ],
          "音乐制作": Array [
            Object {
              "v": "AUDIO PLANNING U",
            },
          ],
          "音响监督": Array [
            Object {
              "v": "浦上靖夫、井澤基",
            },
          ],
        },
        "locked": false,
        "metaTags": Array [],
        "name": "コードギアス 反逆のルルーシュR2",
        "nameCN": "Code Geass 反叛的鲁路修R2",
        "nsfw": false,
        "platform": Object {
          "alias": "tv",
          "enableHeader": true,
          "id": 1,
          "order": 0,
          "type": "TV",
          "typeCN": "TV",
          "wikiTpl": "TVAnime",
        },
        "rating": Object {
          "count": Array [
            44,
            15,
            32,
            66,
            145,
            457,
            1472,
            3190,
            2640,
            1377,
          ],
          "score": 8.19,
          "total": 9438,
        },
        "redirect": 0,
        "series": false,
        "seriesEntry": 0,
        "summary": "　　“东京决战”一年后，布里塔尼亚少年鲁路修在11区（原日本国）过着平凡的学生生活。但是，鲁路修与弟弟罗洛的一次出行，遇到了黑色骑士团的余党。在与少女C.C再次结成契约之后，尘封的记忆摆在了鲁路修的面前。
　　身为帝国王子的鲁路修，为了建立人人平等的世界、让妹妹娜娜丽幸福的世界，而使用GEASS，令人绝对服从的力量，带领黑色骑士团向帝国宣战。带上假面化名ZERO的他，却在一年前的“东京决战”中被好友朱雀击败，被帝国皇帝抹去了记忆。
　　现在，恢复记忆的鲁路修不仅要面对帝国的强大军事力量，更要面对虚假的弟弟罗洛、失踪的妹妹娜娜丽、不知敌友的中华联盟、内部出现分歧的黑色骑士团。面对内忧外患，鲁路修走上了GEASS之力的诅咒——孤独的王之路。 ",
        "type": 2,
        "volumes": 0,
      },
      "tags": Array [
        "SUNRISE",
      ],
      "type": 2,
      "updatedAt": 1639569371,
      "volStatus": 0,
    },
  ],
  "total": 1,
}
`;

exports[`user collection > should get summary 1`] = `
Object {
  "subject": Object {
    "1": Object {
      "counts": Object {
        "1": 0,
        "2": 0,
        "3": 0,
        "4": 1,
        "5": 0,
      },
      "details": Object {
        "1": Array [],
        "2": Array [],
      },
    },
    "2": Object {
      "counts": Object {
        "1": 0,
        "2": 1,
        "3": 0,
        "4": 0,
        "5": 0,
      },
      "details": Object {
        "1": Array [],
        "2": Array [
          Object {
            "id": 8,
            "images": Object {
              "common": "https://lain.bgm.tv/pic/cover/c/c9/f0/8_wK0z3.jpg",
              "grid": "https://lain.bgm.tv/pic/cover/g/c9/f0/8_wK0z3.jpg",
              "large": "https://lain.bgm.tv/pic/cover/l/c9/f0/8_wK0z3.jpg",
              "medium": "https://lain.bgm.tv/pic/cover/m/c9/f0/8_wK0z3.jpg",
              "small": "https://lain.bgm.tv/pic/cover/s/c9/f0/8_wK0z3.jpg",
            },
            "locked": false,
            "name": "コードギアス 反逆のルルーシュR2",
            "nameCN": "Code Geass 反叛的鲁路修R2",
            "nsfw": false,
            "type": 2,
          },
        ],
      },
    },
    "3": Object {
      "counts": Object {
        "1": 0,
        "2": 0,
        "3": 1,
        "4": 0,
        "5": 0,
      },
      "details": Object {
        "1": Array [],
        "2": Array [],
      },
    },
    "4": Object {
      "counts": Object {
        "1": 21,
        "2": 0,
        "3": 0,
        "4": 0,
        "5": 1,
      },
      "details": Object {
        "1": Array [
          Object {
            "id": 4,
            "images": Object {
              "common": "https://lain.bgm.tv/pic/cover/c/a8/7f/4_cMMK5.jpg",
              "grid": "https://lain.bgm.tv/pic/cover/g/a8/7f/4_cMMK5.jpg",
              "large": "https://lain.bgm.tv/pic/cover/l/a8/7f/4_cMMK5.jpg",
              "medium": "https://lain.bgm.tv/pic/cover/m/a8/7f/4_cMMK5.jpg",
              "small": "https://lain.bgm.tv/pic/cover/s/a8/7f/4_cMMK5.jpg",
            },
            "locked": false,
            "name": "メタルスラッグ7",
            "nameCN": "合金弹头7",
            "nsfw": false,
            "type": 4,
          },
          Object {
            "id": 84399,
            "images": Object {
              "common": "https://lain.bgm.tv/pic/cover/c/85/3f/84399_y0J0e.jpg",
              "grid": "https://lain.bgm.tv/pic/cover/g/85/3f/84399_y0J0e.jpg",
              "large": "https://lain.bgm.tv/pic/cover/l/85/3f/84399_y0J0e.jpg",
              "medium": "https://lain.bgm.tv/pic/cover/m/85/3f/84399_y0J0e.jpg",
              "small": "https://lain.bgm.tv/pic/cover/s/85/3f/84399_y0J0e.jpg",
            },
            "locked": false,
            "name": "Criminal Minds (Season 9)",
            "nameCN": "犯罪心理 第九季",
            "nsfw": false,
            "type": 6,
          },
          Object {
            "id": 104833,
            "images": Object {
              "common": "https://lain.bgm.tv/pic/cover/c/35/eb/104833_CAd6k.jpg",
              "grid": "https://lain.bgm.tv/pic/cover/g/35/eb/104833_CAd6k.jpg",
              "large": "https://lain.bgm.tv/pic/cover/l/35/eb/104833_CAd6k.jpg",
              "medium": "https://lain.bgm.tv/pic/cover/m/35/eb/104833_CAd6k.jpg",
              "small": "https://lain.bgm.tv/pic/cover/s/35/eb/104833_CAd6k.jpg",
            },
            "locked": false,
            "name": "Criminal Minds (Season 10)",
            "nameCN": "犯罪心理 第十季",
            "nsfw": false,
            "type": 6,
          },
          Object {
            "id": 148228,
            "images": Object {
              "common": "https://lain.bgm.tv/pic/cover/c/72/8c/148228_O5mS0.jpg",
              "grid": "https://lain.bgm.tv/pic/cover/g/72/8c/148228_O5mS0.jpg",
              "large": "https://lain.bgm.tv/pic/cover/l/72/8c/148228_O5mS0.jpg",
              "medium": "https://lain.bgm.tv/pic/cover/m/72/8c/148228_O5mS0.jpg",
              "small": "https://lain.bgm.tv/pic/cover/s/72/8c/148228_O5mS0.jpg",
            },
            "locked": false,
            "name": "Criminal Minds (Season 11)",
            "nameCN": "犯罪心理  第11季",
            "nsfw": false,
            "type": 6,
          },
          Object {
            "id": 184017,
            "locked": false,
            "name": "沙盒",
            "nameCN": "Bangumi Wiki 动画测试用沙盘",
            "nsfw": false,
            "type": 2,
          },
          Object {
            "id": 194118,
            "images": Object {
              "common": "https://lain.bgm.tv/pic/cover/c/5f/65/194118_5c9H0.jpg",
              "grid": "https://lain.bgm.tv/pic/cover/g/5f/65/194118_5c9H0.jpg",
              "large": "https://lain.bgm.tv/pic/cover/l/5f/65/194118_5c9H0.jpg",
              "medium": "https://lain.bgm.tv/pic/cover/m/5f/65/194118_5c9H0.jpg",
              "small": "https://lain.bgm.tv/pic/cover/s/5f/65/194118_5c9H0.jpg",
            },
            "locked": false,
            "name": "Criminal Minds Season 12",
            "nameCN": "犯罪心理 第12季",
            "nsfw": false,
            "type": 6,
          },
          Object {
            "id": 208783,
            "images": Object {
              "common": "https://lain.bgm.tv/pic/cover/c/c7/0d/208783_0J0TH.jpg",
              "grid": "https://lain.bgm.tv/pic/cover/g/c7/0d/208783_0J0TH.jpg",
              "large": "https://lain.bgm.tv/pic/cover/l/c7/0d/208783_0J0TH.jpg",
              "medium": "https://lain.bgm.tv/pic/cover/m/c7/0d/208783_0J0TH.jpg",
              "small": "https://lain.bgm.tv/pic/cover/s/c7/0d/208783_0J0TH.jpg",
            },
            "locked": false,
            "name": "Stranger Things Season 2",
            "nameCN": "怪奇物语 第二季",
            "nsfw": false,
            "type": 6,
          },
        ],
        "2": Array [],
      },
    },
    "6": Object {
      "counts": Object {
        "1": 0,
        "2": 0,
        "3": 0,
        "4": 0,
        "5": 0,
      },
      "details": Object {
        "1": Array [],
        "2": Array [],
      },
    },
  },
}
`;
