// Vitest Snapshot v1, https://vitest.dev/guide/snapshot.html

exports[`subject > should get subject 1`] = `
Object {
  "airtime": Object {
    "date": "2002-04-02",
    "month": 4,
    "weekday": 2,
    "year": 2002,
  },
  "collection": Object {
    "1": 1159,
    "2": 4534,
    "3": 215,
    "4": 463,
    "5": 136,
  },
  "eps": 27,
  "id": 12,
  "images": Object {
    "common": "https://lain.bgm.tv/pic/cover/c/c2/0a/12_aDoa8.jpg",
    "grid": "https://lain.bgm.tv/pic/cover/g/c2/0a/12_aDoa8.jpg",
    "large": "https://lain.bgm.tv/pic/cover/l/c2/0a/12_aDoa8.jpg",
    "medium": "https://lain.bgm.tv/pic/cover/m/c2/0a/12_aDoa8.jpg",
    "small": "https://lain.bgm.tv/pic/cover/s/c2/0a/12_aDoa8.jpg",
  },
  "infobox": Object {
    "Copyright": Array [
      Object {
        "v": "",
      },
    ],
    "中文名": Array [
      Object {
        "v": "人形电脑天使心",
      },
    ],
    "人物设定": Array [
      Object {
        "v": "阿部恒",
      },
    ],
    "其他": Array [
      Object {
        "v": "",
      },
    ],
    "其他电视台": Array [
      Object {
        "v": "",
      },
    ],
    "别名": Array [
      Object {
        "k": "en",
        "v": "Chobits",
      },
    ],
    "制片人": Array [
      Object {
        "v": "源生哲雄、関戸雄一、小野達矢",
      },
    ],
    "制片协力": Array [
      Object {
        "v": "パイオニアLDC、ムービック",
      },
    ],
    "副导演": Array [
      Object {
        "v": "田中洋之（除13）、井上英紀（仅13）",
      },
    ],
    "动画制作": Array [
      Object {
        "v": "MADHOUSE",
      },
    ],
    "原作": Array [
      Object {
        "v": "CLAMP",
      },
    ],
    "官方网站": Array [
      Object {
        "v": "http://www.tbs.co.jp/chobits",
      },
    ],
    "导演": Array [
      Object {
        "v": "浅香守生",
      },
    ],
    "录音助手": Array [
      Object {
        "v": "鳥羽瀬縁",
      },
    ],
    "录音调整": Array [
      Object {
        "v": "内田誠",
      },
    ],
    "播放电视台": Array [
      Object {
        "v": "日本TBS",
      },
    ],
    "播放结束": Array [
      Object {
        "v": "2002年9月24日",
      },
    ],
    "放送开始": Array [
      Object {
        "v": "2002年4月2日",
      },
    ],
    "放送星期": Array [
      Object {
        "v": "星期二",
      },
    ],
    "文艺": Array [
      Object {
        "v": "浦畑達彦",
      },
    ],
    "製作": Array [
      Object {
        "v": "TBS、ちょびっツ製作委員会",
      },
    ],
    "设定制作": Array [
      Object {
        "v": "加茂靖子",
      },
    ],
    "话数": Array [
      Object {
        "v": "27",
      },
    ],
    "音乐": Array [
      Object {
        "v": "高浪敬太郎",
      },
    ],
    "音响助手": Array [
      Object {
        "v": "三井友和",
      },
    ],
    "音响监督": Array [
      Object {
        "v": "三間雅文",
      },
    ],
    "音效": Array [
      Object {
        "v": "小山健二",
      },
    ],
  },
  "locked": false,
  "metaTags": Array [],
  "name": "ちょびっツ",
  "nameCN": "人形电脑天使心",
  "nsfw": false,
  "platform": Object {
    "alias": "tv",
    "enableHeader": true,
    "id": 1,
    "order": 0,
    "type": "TV",
    "typeCN": "TV",
    "wikiTpl": "TVAnime",
  },
  "rating": Object {
    "count": Array [
      4,
      4,
      5,
      13,
      60,
      395,
      987,
      1226,
      369,
      168,
    ],
    "rank": 731,
    "score": 7.57,
    "total": 3231,
  },
  "redirect": 0,
  "series": false,
  "seriesEntry": 0,
  "summary": "在不久的将来,电子技术飞速发展,电脑成为人们生活中不可缺少的一部分.主角的名字是本须和秀树,是个19岁的少年,由于考试失败,来到东京上补习班,过着贫穷潦倒的生活……
到达东京的第一天,他很幸运的在垃圾堆捡到一个人型电脑,一直以来秀树都非常渴望拥有个人电脑.当他抱着她带返公寓后,却不知如何开机,在意想不到的地方找到开关并开启后,故事就此展开
本须和秀树捡到了人型计算机〔唧〕。虽然不晓得她到底是不是〔Chobits〕，但她的身上似乎藏有极大的秘密。看到秀树为了钱而烦恼，唧出去找打工，没想到却找到了危险的工作！为了让秀树开心，唧开始到色情小屋打工。但她在遭到过度激烈的强迫要求之后失控。让周遭计算机因此而强制停摆。
另一方面，秀树发现好友新保与补习班的清水老师有着不可告人的关系……",
  "tags": Array [
    Object {
      "count": 932,
      "name": "CLAMP",
    },
    Object {
      "count": 718,
      "name": "人形电脑天使心",
    },
    Object {
      "count": 397,
      "name": "叽",
    },
    Object {
      "count": 373,
      "name": "chobits",
    },
    Object {
      "count": 333,
      "name": "MADHouse",
    },
    Object {
      "count": 287,
      "name": "TV",
    },
    Object {
      "count": 274,
      "name": "田中理惠",
    },
    Object {
      "count": 261,
      "name": "2002",
    },
    Object {
      "count": 227,
      "name": "小叽",
    },
    Object {
      "count": 186,
      "name": "治愈",
    },
    Object {
      "count": 165,
      "name": "Chobits~初次感动~",
    },
    Object {
      "count": 137,
      "name": "启动键",
    },
    Object {
      "count": 121,
      "name": "漫画改",
    },
    Object {
      "count": 107,
      "name": "萝莉",
    },
    Object {
      "count": 57,
      "name": "恋爱",
    },
    Object {
      "count": 55,
      "name": "浅香守生",
    },
    Object {
      "count": 53,
      "name": "2002年4月",
    },
    Object {
      "count": 51,
      "name": "漫改",
    },
    Object {
      "count": 40,
      "name": "ちぃ",
    },
    Object {
      "count": 35,
      "name": "科幻",
    },
    Object {
      "count": 32,
      "name": "杉田智和",
    },
    Object {
      "count": 19,
      "name": "S田",
    },
    Object {
      "count": 18,
      "name": "2002年",
    },
    Object {
      "count": 13,
      "name": "搞笑",
    },
    Object {
      "count": 13,
      "name": "clamp抢钱",
    },
    Object {
      "count": 12,
      "name": "动画",
    },
    Object {
      "count": 12,
      "name": "童年",
    },
    Object {
      "count": 11,
      "name": "半年番",
    },
    Object {
      "count": 10,
      "name": "萌",
    },
    Object {
      "count": 9,
      "name": "哥特",
    },
  ],
  "type": 2,
  "volumes": 0,
}
`;

exports[`subject > should get subject characters 1`] = `
Object {
  "data": Array [
    Object {
      "actors": Array [],
      "character": Object {
        "id": 32,
        "images": Object {
          "grid": "https://lain.bgm.tv/pic/crt/g/ce/65/32_crt_0g9f9.jpg?r=1606033650",
          "large": "https://lain.bgm.tv/pic/crt/l/ce/65/32_crt_0g9f9.jpg?r=1606033650",
          "medium": "https://lain.bgm.tv/pic/crt/m/ce/65/32_crt_0g9f9.jpg?r=1606033650",
          "small": "https://lain.bgm.tv/pic/crt/s/ce/65/32_crt_0g9f9.jpg?r=1606033650",
        },
        "lock": false,
        "name": "ちぃ",
        "nsfw": false,
        "role": 1,
      },
      "order": 0,
      "type": 1,
    },
    Object {
      "actors": Array [],
      "character": Object {
        "id": 33,
        "images": Object {
          "grid": "https://lain.bgm.tv/pic/crt/g/18/2b/33_0c5cdcd5072bb1864cdee4d3d6e_yyZGp.jpg",
          "large": "https://lain.bgm.tv/pic/crt/l/18/2b/33_0c5cdcd5072bb1864cdee4d3d6e_yyZGp.jpg",
          "medium": "https://lain.bgm.tv/pic/crt/m/18/2b/33_0c5cdcd5072bb1864cdee4d3d6e_yyZGp.jpg",
          "small": "https://lain.bgm.tv/pic/crt/s/18/2b/33_0c5cdcd5072bb1864cdee4d3d6e_yyZGp.jpg",
        },
        "lock": false,
        "name": "本須和秀樹",
        "nsfw": false,
        "role": 1,
      },
      "order": 0,
      "type": 1,
    },
  ],
  "total": 15,
}
`;

exports[`subject > should get subject episodes 1`] = `
Object {
  "data": Array [
    Object {
      "airdate": "2002-04-03",
      "comment": 16,
      "desc": "",
      "disc": 0,
      "duration": "24m",
      "id": 1027,
      "lock": true,
      "name": "ちぃ 目覚める",
      "nameCN": "叽，觉醒了",
      "sort": 1,
      "subjectID": 12,
      "type": 0,
    },
    Object {
      "airdate": "2002-04-10",
      "comment": 8,
      "desc": "",
      "disc": 0,
      "duration": "24m",
      "id": 1028,
      "lock": true,
      "name": "ちぃ でかける",
      "nameCN": "叽，出门",
      "sort": 2,
      "subjectID": 12,
      "type": 0,
    },
  ],
  "total": 27,
}
`;

exports[`subject > should get subject relations 1`] = `
Object {
  "data": Array [
    Object {
      "order": 0,
      "relation": Object {
        "cn": "改编",
        "desc": "同系列不同平台作品（如柯南漫画与动画版）",
        "en": "Adaptation",
        "id": 1,
        "jp": "",
      },
      "subject": Object {
        "id": 497,
        "images": Object {
          "common": "https://lain.bgm.tv/pic/cover/c/73/80/497_7mGTv.jpg",
          "grid": "https://lain.bgm.tv/pic/cover/g/73/80/497_7mGTv.jpg",
          "large": "https://lain.bgm.tv/pic/cover/l/73/80/497_7mGTv.jpg",
          "medium": "https://lain.bgm.tv/pic/cover/m/73/80/497_7mGTv.jpg",
          "small": "https://lain.bgm.tv/pic/cover/s/73/80/497_7mGTv.jpg",
        },
        "locked": false,
        "name": "ちょびっツ",
        "nameCN": "人形电脑天使心",
        "nsfw": false,
        "type": 1,
      },
    },
    Object {
      "order": 0,
      "relation": Object {
        "cn": "画集",
        "desc": "",
        "en": "Album",
        "id": 1004,
        "jp": "",
      },
      "subject": Object {
        "id": 11,
        "images": Object {
          "common": "https://lain.bgm.tv/pic/cover/c/65/12/11_bsxG3.jpg",
          "grid": "https://lain.bgm.tv/pic/cover/g/65/12/11_bsxG3.jpg",
          "large": "https://lain.bgm.tv/pic/cover/l/65/12/11_bsxG3.jpg",
          "medium": "https://lain.bgm.tv/pic/cover/m/65/12/11_bsxG3.jpg",
          "small": "https://lain.bgm.tv/pic/cover/s/65/12/11_bsxG3.jpg",
        },
        "locked": false,
        "name": "ちょびっツの「ツ」の字 - Chobits Fan Book",
        "nameCN": "",
        "nsfw": false,
        "type": 1,
      },
    },
  ],
  "total": 2,
}
`;

exports[`subject > should get subject staffs 1`] = `
Object {
  "data": Array [
    Object {
      "person": Object {
        "id": 39,
        "images": Object {
          "grid": "https://lain.bgm.tv/pic/crt/g/d6/7d/39_prsn_anidb.jpg",
          "large": "https://lain.bgm.tv/pic/crt/l/d6/7d/39_prsn_anidb.jpg",
          "medium": "https://lain.bgm.tv/pic/crt/m/d6/7d/39_prsn_anidb.jpg",
          "small": "https://lain.bgm.tv/pic/crt/s/d6/7d/39_prsn_anidb.jpg",
        },
        "lock": false,
        "name": "CLAMP",
        "nsfw": false,
        "type": 3,
      },
      "position": Object {
        "cn": "原作",
        "en": "Original Creator/Original Work",
        "id": 1,
        "jp": "",
      },
    },
    Object {
      "person": Object {
        "id": 40,
        "images": Object {
          "grid": "https://lain.bgm.tv/pic/crt/g/1e/ef/40_prsn_JQ7B0.jpg?r=1701577139",
          "large": "https://lain.bgm.tv/pic/crt/l/1e/ef/40_prsn_JQ7B0.jpg?r=1701577139",
          "medium": "https://lain.bgm.tv/pic/crt/m/1e/ef/40_prsn_JQ7B0.jpg?r=1701577139",
          "small": "https://lain.bgm.tv/pic/crt/s/1e/ef/40_prsn_JQ7B0.jpg?r=1701577139",
        },
        "lock": false,
        "name": "浅香守生",
        "nsfw": false,
        "type": 1,
      },
      "position": Object {
        "cn": "导演",
        "en": "Director/Direction",
        "id": 2,
        "jp": "監督 シリーズ監督",
      },
    },
  ],
  "total": 101,
}
`;
