// Vitest Snapshot v1, https://vitest.dev/guide/snapshot.html

exports[`subject > should get subject 1`] = `
Object {
  "airtime": Object {
    "date": "2002-04-02",
    "month": 4,
    "weekday": 2,
    "year": 2002,
  },
  "collection": Object {
    "1": 1159,
    "2": 4534,
    "3": 215,
    "4": 463,
    "5": 136,
  },
  "eps": 27,
  "id": 12,
  "images": Object {
    "common": "https://lain.bgm.tv/pic/cover/c/c2/0a/12_aDoa8.jpg",
    "grid": "https://lain.bgm.tv/pic/cover/g/c2/0a/12_aDoa8.jpg",
    "large": "https://lain.bgm.tv/pic/cover/l/c2/0a/12_aDoa8.jpg",
    "medium": "https://lain.bgm.tv/pic/cover/m/c2/0a/12_aDoa8.jpg",
    "small": "https://lain.bgm.tv/pic/cover/s/c2/0a/12_aDoa8.jpg",
  },
  "info": "27话 / 2002年4月2日 / 浅香守生 / CLAMP / 阿部恒",
  "infobox": Array [
    Object {
      "key": "中文名",
      "values": Array [
        Object {
          "v": "人形电脑天使心",
        },
      ],
    },
    Object {
      "key": "别名",
      "values": Array [
        Object {
          "k": "en",
          "v": "Chobits",
        },
      ],
    },
    Object {
      "key": "话数",
      "values": Array [
        Object {
          "v": "27",
        },
      ],
    },
    Object {
      "key": "放送开始",
      "values": Array [
        Object {
          "v": "2002年4月2日",
        },
      ],
    },
    Object {
      "key": "放送星期",
      "values": Array [
        Object {
          "v": "星期二",
        },
      ],
    },
    Object {
      "key": "官方网站",
      "values": Array [
        Object {
          "v": "http://www.tbs.co.jp/chobits",
        },
      ],
    },
    Object {
      "key": "播放电视台",
      "values": Array [
        Object {
          "v": "日本TBS",
        },
      ],
    },
    Object {
      "key": "其他电视台",
      "values": Array [
        Object {
          "v": "",
        },
      ],
    },
    Object {
      "key": "播放结束",
      "values": Array [
        Object {
          "v": "2002年9月24日",
        },
      ],
    },
    Object {
      "key": "其他",
      "values": Array [
        Object {
          "v": "",
        },
      ],
    },
    Object {
      "key": "Copyright",
      "values": Array [
        Object {
          "v": "",
        },
      ],
    },
    Object {
      "key": "原作",
      "values": Array [
        Object {
          "v": "CLAMP",
        },
      ],
    },
    Object {
      "key": "导演",
      "values": Array [
        Object {
          "v": "浅香守生",
        },
      ],
    },
    Object {
      "key": "人物设定",
      "values": Array [
        Object {
          "v": "阿部恒",
        },
      ],
    },
    Object {
      "key": "音响监督",
      "values": Array [
        Object {
          "v": "三間雅文",
        },
      ],
    },
    Object {
      "key": "音乐",
      "values": Array [
        Object {
          "v": "高浪敬太郎",
        },
      ],
    },
    Object {
      "key": "动画制作",
      "values": Array [
        Object {
          "v": "MADHOUSE",
        },
      ],
    },
    Object {
      "key": "录音调整",
      "values": Array [
        Object {
          "v": "内田誠",
        },
      ],
    },
    Object {
      "key": "音效",
      "values": Array [
        Object {
          "v": "小山健二",
        },
      ],
    },
    Object {
      "key": "录音助手",
      "values": Array [
        Object {
          "v": "鳥羽瀬縁",
        },
      ],
    },
    Object {
      "key": "音响助手",
      "values": Array [
        Object {
          "v": "三井友和",
        },
      ],
    },
    Object {
      "key": "文艺",
      "values": Array [
        Object {
          "v": "浦畑達彦",
        },
      ],
    },
    Object {
      "key": "设定制作",
      "values": Array [
        Object {
          "v": "加茂靖子",
        },
      ],
    },
    Object {
      "key": "制片人",
      "values": Array [
        Object {
          "v": "源生哲雄、関戸雄一、小野達矢",
        },
      ],
    },
    Object {
      "key": "制片协力",
      "values": Array [
        Object {
          "v": "パイオニアLDC、ムービック",
        },
      ],
    },
    Object {
      "key": "製作",
      "values": Array [
        Object {
          "v": "TBS、ちょびっツ製作委員会",
        },
      ],
    },
    Object {
      "key": "副导演",
      "values": Array [
        Object {
          "v": "田中洋之（除13）、井上英紀（仅13）",
        },
      ],
    },
  ],
  "locked": false,
  "metaTags": Array [],
  "name": "ちょびっツ",
  "nameCN": "人形电脑天使心",
  "nsfw": false,
  "platform": Object {
    "alias": "tv",
    "enableHeader": true,
    "id": 1,
    "order": 0,
    "type": "TV",
    "typeCN": "TV",
    "wikiTpl": "TVAnime",
  },
  "rating": Object {
    "count": Array [
      4,
      4,
      5,
      13,
      60,
      395,
      987,
      1226,
      369,
      168,
    ],
    "rank": 731,
    "score": 7.57,
    "total": 3231,
  },
  "redirect": 0,
  "series": false,
  "seriesEntry": 0,
  "summary": "在不久的将来,电子技术飞速发展,电脑成为人们生活中不可缺少的一部分.主角的名字是本须和秀树,是个19岁的少年,由于考试失败,来到东京上补习班,过着贫穷潦倒的生活……
到达东京的第一天,他很幸运的在垃圾堆捡到一个人型电脑,一直以来秀树都非常渴望拥有个人电脑.当他抱着她带返公寓后,却不知如何开机,在意想不到的地方找到开关并开启后,故事就此展开
本须和秀树捡到了人型计算机〔唧〕。虽然不晓得她到底是不是〔Chobits〕，但她的身上似乎藏有极大的秘密。看到秀树为了钱而烦恼，唧出去找打工，没想到却找到了危险的工作！为了让秀树开心，唧开始到色情小屋打工。但她在遭到过度激烈的强迫要求之后失控。让周遭计算机因此而强制停摆。
另一方面，秀树发现好友新保与补习班的清水老师有着不可告人的关系……",
  "tags": Array [
    Object {
      "count": 932,
      "name": "CLAMP",
    },
    Object {
      "count": 718,
      "name": "人形电脑天使心",
    },
    Object {
      "count": 397,
      "name": "叽",
    },
    Object {
      "count": 373,
      "name": "chobits",
    },
    Object {
      "count": 333,
      "name": "MADHouse",
    },
    Object {
      "count": 287,
      "name": "TV",
    },
    Object {
      "count": 274,
      "name": "田中理惠",
    },
    Object {
      "count": 261,
      "name": "2002",
    },
    Object {
      "count": 227,
      "name": "小叽",
    },
    Object {
      "count": 186,
      "name": "治愈",
    },
    Object {
      "count": 165,
      "name": "Chobits~初次感动~",
    },
    Object {
      "count": 137,
      "name": "启动键",
    },
    Object {
      "count": 121,
      "name": "漫画改",
    },
    Object {
      "count": 107,
      "name": "萝莉",
    },
    Object {
      "count": 57,
      "name": "恋爱",
    },
    Object {
      "count": 55,
      "name": "浅香守生",
    },
    Object {
      "count": 53,
      "name": "2002年4月",
    },
    Object {
      "count": 51,
      "name": "漫改",
    },
    Object {
      "count": 40,
      "name": "ちぃ",
    },
    Object {
      "count": 35,
      "name": "科幻",
    },
    Object {
      "count": 32,
      "name": "杉田智和",
    },
    Object {
      "count": 19,
      "name": "S田",
    },
    Object {
      "count": 18,
      "name": "2002年",
    },
    Object {
      "count": 13,
      "name": "搞笑",
    },
    Object {
      "count": 13,
      "name": "clamp抢钱",
    },
    Object {
      "count": 12,
      "name": "动画",
    },
    Object {
      "count": 12,
      "name": "童年",
    },
    Object {
      "count": 11,
      "name": "半年番",
    },
    Object {
      "count": 10,
      "name": "萌",
    },
    Object {
      "count": 9,
      "name": "哥特",
    },
  ],
  "type": 2,
  "volumes": 0,
}
`;

exports[`subject > should get subject characters 1`] = `
Object {
  "data": Array [
    Object {
      "actors": Array [],
      "character": Object {
        "comment": 56,
        "id": 32,
        "images": Object {
          "grid": "https://lain.bgm.tv/pic/crt/g/ce/65/32_crt_0g9f9.jpg?r=1606033650",
          "large": "https://lain.bgm.tv/pic/crt/l/ce/65/32_crt_0g9f9.jpg?r=1606033650",
          "medium": "https://lain.bgm.tv/pic/crt/m/ce/65/32_crt_0g9f9.jpg?r=1606033650",
          "small": "https://lain.bgm.tv/pic/crt/s/ce/65/32_crt_0g9f9.jpg?r=1606033650",
        },
        "lock": false,
        "name": "ちぃ",
        "nameCN": "小叽",
        "nsfw": false,
        "role": 1,
      },
      "order": 0,
      "type": 1,
    },
    Object {
      "actors": Array [],
      "character": Object {
        "comment": 10,
        "id": 33,
        "images": Object {
          "grid": "https://lain.bgm.tv/pic/crt/g/18/2b/33_0c5cdcd5072bb1864cdee4d3d6e_yyZGp.jpg",
          "large": "https://lain.bgm.tv/pic/crt/l/18/2b/33_0c5cdcd5072bb1864cdee4d3d6e_yyZGp.jpg",
          "medium": "https://lain.bgm.tv/pic/crt/m/18/2b/33_0c5cdcd5072bb1864cdee4d3d6e_yyZGp.jpg",
          "small": "https://lain.bgm.tv/pic/crt/s/18/2b/33_0c5cdcd5072bb1864cdee4d3d6e_yyZGp.jpg",
        },
        "lock": false,
        "name": "本須和秀樹",
        "nameCN": "本须和秀树",
        "nsfw": false,
        "role": 1,
      },
      "order": 0,
      "type": 1,
    },
  ],
  "total": 15,
}
`;

exports[`subject > should get subject comments 1`] = `
Object {
  "data": Array [],
  "total": 0,
}
`;

exports[`subject > should get subject episodes 1`] = `
Object {
  "data": Array [
    Object {
      "airdate": "2002-04-03",
      "comment": 16,
      "disc": 0,
      "duration": "24m",
      "id": 1027,
      "name": "ちぃ 目覚める",
      "nameCN": "叽，觉醒了",
      "sort": 1,
      "subjectID": 12,
      "type": 0,
    },
    Object {
      "airdate": "2002-04-10",
      "comment": 8,
      "disc": 0,
      "duration": "24m",
      "id": 1028,
      "name": "ちぃ でかける",
      "nameCN": "叽，出门",
      "sort": 2,
      "subjectID": 12,
      "type": 0,
    },
  ],
  "total": 27,
}
`;

exports[`subject > should get subject positions 1`] = `
Object {
  "data": Array [
    Object {
      "position": Object {
        "cn": "导演",
        "en": "Director/Direction",
        "id": 2,
        "jp": "監督 シリーズ監督",
      },
      "staffs": Array [
        Object {
          "appearEps": "",
          "person": Object {
            "comment": 59,
            "id": 39,
            "images": Object {
              "grid": "https://lain.bgm.tv/pic/crt/g/d6/7d/39_prsn_anidb.jpg",
              "large": "https://lain.bgm.tv/pic/crt/l/d6/7d/39_prsn_anidb.jpg",
              "medium": "https://lain.bgm.tv/pic/crt/m/d6/7d/39_prsn_anidb.jpg",
              "small": "https://lain.bgm.tv/pic/crt/s/d6/7d/39_prsn_anidb.jpg",
            },
            "lock": false,
            "name": "CLAMP",
            "nameCN": "",
            "nsfw": false,
            "type": 3,
          },
          "summary": "",
        },
      ],
    },
    Object {
      "position": Object {
        "cn": "脚本",
        "en": "Script/Screenplay",
        "id": 3,
        "jp": "シナリオ",
      },
      "staffs": Array [
        Object {
          "appearEps": "",
          "person": Object {
            "comment": 100,
            "id": 40,
            "images": Object {
              "grid": "https://lain.bgm.tv/pic/crt/g/1e/ef/40_prsn_JQ7B0.jpg?r=1701577139",
              "large": "https://lain.bgm.tv/pic/crt/l/1e/ef/40_prsn_JQ7B0.jpg?r=1701577139",
              "medium": "https://lain.bgm.tv/pic/crt/m/1e/ef/40_prsn_JQ7B0.jpg?r=1701577139",
              "small": "https://lain.bgm.tv/pic/crt/s/1e/ef/40_prsn_JQ7B0.jpg?r=1701577139",
            },
            "lock": false,
            "name": "浅香守生",
            "nameCN": "浅香守生",
            "nsfw": false,
            "type": 1,
          },
          "summary": "",
        },
      ],
    },
    Object {
      "position": Object {
        "cn": "分镜",
        "en": "Storyboard",
        "id": 4,
        "jp": "コンテ  ストーリーボード  画コンテ  絵コンテ",
      },
      "staffs": Array [
        Object {
          "appearEps": "",
          "person": Object {
            "comment": 0,
            "id": 19,
            "lock": false,
            "name": "大久保智康",
            "nameCN": "大久保智康",
            "nsfw": false,
            "type": 1,
          },
          "summary": "",
        },
        Object {
          "appearEps": "",
          "person": Object {
            "comment": 0,
            "id": 21,
            "lock": false,
            "name": "堀井明子",
            "nameCN": "堀井明子",
            "nsfw": false,
            "type": 1,
          },
          "summary": "",
        },
        Object {
          "appearEps": "",
          "person": Object {
            "comment": 551,
            "id": 262,
            "images": Object {
              "grid": "https://lain.bgm.tv/pic/crt/g/92/18/262_prsn_ZX5aD.jpg?r=1687148390",
              "large": "https://lain.bgm.tv/pic/crt/l/92/18/262_prsn_ZX5aD.jpg?r=1687148390",
              "medium": "https://lain.bgm.tv/pic/crt/m/92/18/262_prsn_ZX5aD.jpg?r=1687148390",
              "small": "https://lain.bgm.tv/pic/crt/s/92/18/262_prsn_ZX5aD.jpg?r=1687148390",
            },
            "lock": false,
            "name": "花田十輝",
            "nameCN": "花田十辉",
            "nsfw": false,
            "type": 1,
          },
          "summary": "",
        },
        Object {
          "appearEps": "",
          "person": Object {
            "comment": 6,
            "id": 380,
            "images": Object {
              "grid": "https://lain.bgm.tv/pic/crt/g/bc/a8/380_prsn_anidb.jpg",
              "large": "https://lain.bgm.tv/pic/crt/l/bc/a8/380_prsn_anidb.jpg",
              "medium": "https://lain.bgm.tv/pic/crt/m/bc/a8/380_prsn_anidb.jpg",
              "small": "https://lain.bgm.tv/pic/crt/s/bc/a8/380_prsn_anidb.jpg",
            },
            "lock": false,
            "name": "大川七瀬",
            "nameCN": "大川七濑",
            "nsfw": false,
            "type": 1,
          },
          "summary": "",
        },
        Object {
          "appearEps": "",
          "person": Object {
            "comment": 4,
            "id": 933,
            "lock": false,
            "name": "植竹須美男",
            "nameCN": "植竹须美男",
            "nsfw": false,
            "type": 1,
          },
          "summary": "",
        },
        Object {
          "appearEps": "",
          "person": Object {
            "comment": 3,
            "id": 3016,
            "images": Object {
              "grid": "https://lain.bgm.tv/pic/crt/g/a7/81/3016_prsn_845Ta.jpg",
              "large": "https://lain.bgm.tv/pic/crt/l/a7/81/3016_prsn_845Ta.jpg",
              "medium": "https://lain.bgm.tv/pic/crt/m/a7/81/3016_prsn_845Ta.jpg",
              "small": "https://lain.bgm.tv/pic/crt/s/a7/81/3016_prsn_845Ta.jpg",
            },
            "lock": false,
            "name": "玉井☆豪",
            "nameCN": "玉井豪",
            "nsfw": false,
            "type": 1,
          },
          "summary": "",
        },
        Object {
          "appearEps": "",
          "person": Object {
            "comment": 0,
            "id": 25981,
            "lock": false,
            "name": "金子二郎",
            "nameCN": "金子二郎",
            "nsfw": false,
            "type": 1,
          },
          "summary": "",
        },
      ],
    },
    Object {
      "position": Object {
        "cn": "演出",
        "en": "Episode Direction",
        "id": 5,
        "jp": "",
      },
      "staffs": Array [
        Object {
          "appearEps": "",
          "person": Object {
            "comment": 100,
            "id": 40,
            "images": Object {
              "grid": "https://lain.bgm.tv/pic/crt/g/1e/ef/40_prsn_JQ7B0.jpg?r=1701577139",
              "large": "https://lain.bgm.tv/pic/crt/l/1e/ef/40_prsn_JQ7B0.jpg?r=1701577139",
              "medium": "https://lain.bgm.tv/pic/crt/m/1e/ef/40_prsn_JQ7B0.jpg?r=1701577139",
              "small": "https://lain.bgm.tv/pic/crt/s/1e/ef/40_prsn_JQ7B0.jpg?r=1701577139",
            },
            "lock": false,
            "name": "浅香守生",
            "nameCN": "浅香守生",
            "nsfw": false,
            "type": 1,
          },
          "summary": "",
        },
        Object {
          "appearEps": "",
          "person": Object {
            "comment": 0,
            "id": 306,
            "lock": false,
            "name": "坂田純一",
            "nameCN": "坂田纯一",
            "nsfw": false,
            "type": 1,
          },
          "summary": "",
        },
        Object {
          "appearEps": "",
          "person": Object {
            "comment": 1,
            "id": 505,
            "lock": false,
            "name": "島崎奈々子",
            "nameCN": "岛崎奈奈子",
            "nsfw": false,
            "type": 1,
          },
          "summary": "",
        },
        Object {
          "appearEps": "",
          "person": Object {
            "comment": 34,
            "id": 750,
            "images": Object {
              "grid": "https://lain.bgm.tv/pic/crt/g/b4/62/750_prsn_8W459.jpg?r=1688016307",
              "large": "https://lain.bgm.tv/pic/crt/l/b4/62/750_prsn_8W459.jpg?r=1688016307",
              "medium": "https://lain.bgm.tv/pic/crt/m/b4/62/750_prsn_8W459.jpg?r=1688016307",
              "small": "https://lain.bgm.tv/pic/crt/s/b4/62/750_prsn_8W459.jpg?r=1688016307",
            },
            "lock": false,
            "name": "小島正幸",
            "nameCN": "小岛正幸",
            "nsfw": false,
            "type": 1,
          },
          "summary": "",
        },
        Object {
          "appearEps": "",
          "person": Object {
            "comment": 12,
            "id": 900,
            "images": Object {
              "grid": "https://lain.bgm.tv/pic/crt/g/e2/8d/900_prsn_wIuuq.jpg",
              "large": "https://lain.bgm.tv/pic/crt/l/e2/8d/900_prsn_wIuuq.jpg",
              "medium": "https://lain.bgm.tv/pic/crt/m/e2/8d/900_prsn_wIuuq.jpg",
              "small": "https://lain.bgm.tv/pic/crt/s/e2/8d/900_prsn_wIuuq.jpg",
            },
            "lock": false,
            "name": "佐山聖子",
            "nameCN": "佐山圣子",
            "nsfw": false,
            "type": 1,
          },
          "summary": "",
        },
        Object {
          "appearEps": "",
          "person": Object {
            "comment": 2,
            "id": 999,
            "lock": false,
            "name": "八谷賢一",
            "nameCN": "八谷贤一",
            "nsfw": false,
            "type": 1,
          },
          "summary": "",
        },
        Object {
          "appearEps": "",
          "person": Object {
            "comment": 52,
            "id": 2305,
            "images": Object {
              "grid": "https://lain.bgm.tv/pic/crt/g/a9/af/2305_prsn_7eBnA.jpg",
              "large": "https://lain.bgm.tv/pic/crt/l/a9/af/2305_prsn_7eBnA.jpg",
              "medium": "https://lain.bgm.tv/pic/crt/m/a9/af/2305_prsn_7eBnA.jpg",
              "small": "https://lain.bgm.tv/pic/crt/s/a9/af/2305_prsn_7eBnA.jpg",
            },
            "lock": false,
            "name": "片渕須直",
            "nameCN": "片渊须直",
            "nsfw": false,
            "type": 1,
          },
          "summary": "",
        },
        Object {
          "appearEps": "",
          "person": Object {
            "comment": 5,
            "id": 2540,
            "lock": false,
            "name": "井上英紀",
            "nameCN": "井上英纪",
            "nsfw": false,
            "type": 1,
          },
          "summary": "",
        },
        Object {
          "appearEps": "",
          "person": Object {
            "comment": 0,
            "id": 2681,
            "images": Object {
              "grid": "https://lain.bgm.tv/pic/crt/g/f2/5a/2681_prsn_hnz7N.jpg",
              "large": "https://lain.bgm.tv/pic/crt/l/f2/5a/2681_prsn_hnz7N.jpg",
              "medium": "https://lain.bgm.tv/pic/crt/m/f2/5a/2681_prsn_hnz7N.jpg",
              "small": "https://lain.bgm.tv/pic/crt/s/f2/5a/2681_prsn_hnz7N.jpg",
            },
            "lock": false,
            "name": "青山弘",
            "nameCN": "青山弘",
            "nsfw": false,
            "type": 1,
          },
          "summary": "",
        },
        Object {
          "appearEps": "",
          "person": Object {
            "comment": 111,
            "id": 3179,
            "images": Object {
              "grid": "https://lain.bgm.tv/pic/crt/g/99/62/3179_prsn_D1K1H.jpg?r=1725625306",
              "large": "https://lain.bgm.tv/pic/crt/l/99/62/3179_prsn_D1K1H.jpg?r=1725625306",
              "medium": "https://lain.bgm.tv/pic/crt/m/99/62/3179_prsn_D1K1H.jpg?r=1725625306",
              "small": "https://lain.bgm.tv/pic/crt/s/99/62/3179_prsn_D1K1H.jpg?r=1725625306",
            },
            "lock": false,
            "name": "長井龍雪",
            "nameCN": "长井龙雪",
            "nsfw": false,
            "type": 1,
          },
          "summary": "",
        },
        Object {
          "appearEps": "",
          "person": Object {
            "comment": 2,
            "id": 3227,
            "lock": false,
            "name": "原博",
            "nameCN": "原博",
            "nsfw": false,
            "type": 1,
          },
          "summary": "",
        },
        Object {
          "appearEps": "",
          "person": Object {
            "comment": 3,
            "id": 19154,
            "lock": false,
            "name": "渕上真",
            "nameCN": "渊上真",
            "nsfw": false,
            "type": 1,
          },
          "summary": "",
        },
        Object {
          "appearEps": "",
          "person": Object {
            "comment": 0,
            "id": 27228,
            "lock": false,
            "name": "島津奔",
            "nameCN": "岛津奔",
            "nsfw": false,
            "type": 1,
          },
          "summary": "",
        },
      ],
    },
    Object {
      "position": Object {
        "cn": "音乐",
        "en": "Music",
        "id": 6,
        "jp": "楽曲  音楽",
      },
      "staffs": Array [
        Object {
          "appearEps": "",
          "person": Object {
            "comment": 100,
            "id": 40,
            "images": Object {
              "grid": "https://lain.bgm.tv/pic/crt/g/1e/ef/40_prsn_JQ7B0.jpg?r=1701577139",
              "large": "https://lain.bgm.tv/pic/crt/l/1e/ef/40_prsn_JQ7B0.jpg?r=1701577139",
              "medium": "https://lain.bgm.tv/pic/crt/m/1e/ef/40_prsn_JQ7B0.jpg?r=1701577139",
              "small": "https://lain.bgm.tv/pic/crt/s/1e/ef/40_prsn_JQ7B0.jpg?r=1701577139",
            },
            "lock": false,
            "name": "浅香守生",
            "nameCN": "浅香守生",
            "nsfw": false,
            "type": 1,
          },
          "summary": "",
        },
        Object {
          "appearEps": "",
          "person": Object {
            "comment": 1,
            "id": 505,
            "lock": false,
            "name": "島崎奈々子",
            "nameCN": "岛崎奈奈子",
            "nsfw": false,
            "type": 1,
          },
          "summary": "",
        },
        Object {
          "appearEps": "",
          "person": Object {
            "comment": 4,
            "id": 608,
            "lock": false,
            "name": "おざわかずひろ",
            "nameCN": "小泽一浩",
            "nsfw": false,
            "type": 1,
          },
          "summary": "",
        },
        Object {
          "appearEps": "",
          "person": Object {
            "comment": 4,
            "id": 1001,
            "images": Object {
              "grid": "https://lain.bgm.tv/pic/crt/g/64/71/1001_prsn_GbfbU.jpg",
              "large": "https://lain.bgm.tv/pic/crt/l/64/71/1001_prsn_GbfbU.jpg",
              "medium": "https://lain.bgm.tv/pic/crt/m/64/71/1001_prsn_GbfbU.jpg",
              "small": "https://lain.bgm.tv/pic/crt/s/64/71/1001_prsn_GbfbU.jpg",
            },
            "lock": false,
            "name": "関田修",
            "nameCN": "关田修",
            "nsfw": false,
            "type": 1,
          },
          "summary": "",
        },
        Object {
          "appearEps": "",
          "person": Object {
            "comment": 0,
            "id": 1119,
            "lock": false,
            "name": "橋本みつお",
            "nameCN": "桥本光夫",
            "nsfw": false,
            "type": 1,
          },
          "summary": "",
        },
        Object {
          "appearEps": "",
          "person": Object {
            "comment": 69,
            "id": 1294,
            "images": Object {
              "grid": "https://lain.bgm.tv/pic/crt/g/26/e7/1294_prsn_fG2lg.jpg?r=1609690393",
              "large": "https://lain.bgm.tv/pic/crt/l/26/e7/1294_prsn_fG2lg.jpg?r=1609690393",
              "medium": "https://lain.bgm.tv/pic/crt/m/26/e7/1294_prsn_fG2lg.jpg?r=1609690393",
              "small": "https://lain.bgm.tv/pic/crt/s/26/e7/1294_prsn_fG2lg.jpg?r=1609690393",
            },
            "lock": false,
            "name": "太田雅彦",
            "nameCN": "太田雅彦",
            "nsfw": false,
            "type": 1,
          },
          "summary": "",
        },
        Object {
          "appearEps": "",
          "person": Object {
            "comment": 5,
            "id": 2540,
            "lock": false,
            "name": "井上英紀",
            "nameCN": "井上英纪",
            "nsfw": false,
            "type": 1,
          },
          "summary": "",
        },
        Object {
          "appearEps": "",
          "person": Object {
            "comment": 18,
            "id": 2904,
            "images": Object {
              "grid": "https://lain.bgm.tv/pic/crt/g/c2/32/2904_prsn_22qAA.jpg",
              "large": "https://lain.bgm.tv/pic/crt/l/c2/32/2904_prsn_22qAA.jpg",
              "medium": "https://lain.bgm.tv/pic/crt/m/c2/32/2904_prsn_22qAA.jpg",
              "small": "https://lain.bgm.tv/pic/crt/s/c2/32/2904_prsn_22qAA.jpg",
            },
            "lock": false,
            "name": "小林智樹",
            "nameCN": "小林智树",
            "nsfw": false,
            "type": 1,
          },
          "summary": "",
        },
        Object {
          "appearEps": "",
          "person": Object {
            "comment": 111,
            "id": 3179,
            "images": Object {
              "grid": "https://lain.bgm.tv/pic/crt/g/99/62/3179_prsn_D1K1H.jpg?r=1725625306",
              "large": "https://lain.bgm.tv/pic/crt/l/99/62/3179_prsn_D1K1H.jpg?r=1725625306",
              "medium": "https://lain.bgm.tv/pic/crt/m/99/62/3179_prsn_D1K1H.jpg?r=1725625306",
              "small": "https://lain.bgm.tv/pic/crt/s/99/62/3179_prsn_D1K1H.jpg?r=1725625306",
            },
            "lock": false,
            "name": "長井龍雪",
            "nameCN": "长井龙雪",
            "nsfw": false,
            "type": 1,
          },
          "summary": "",
        },
        Object {
          "appearEps": "",
          "person": Object {
            "comment": 22,
            "id": 3327,
            "images": Object {
              "grid": "https://lain.bgm.tv/pic/crt/g/20/b0/3327_prsn_anidb.jpg?r=1586115634",
              "large": "https://lain.bgm.tv/pic/crt/l/20/b0/3327_prsn_anidb.jpg?r=1586115634",
              "medium": "https://lain.bgm.tv/pic/crt/m/20/b0/3327_prsn_anidb.jpg?r=1586115634",
              "small": "https://lain.bgm.tv/pic/crt/s/20/b0/3327_prsn_anidb.jpg?r=1586115634",
            },
            "lock": false,
            "name": "田中洋之",
            "nameCN": "田中洋之",
            "nsfw": false,
            "type": 1,
          },
          "summary": "",
        },
        Object {
          "appearEps": "",
          "person": Object {
            "comment": 2,
            "id": 3572,
            "images": Object {
              "grid": "https://lain.bgm.tv/pic/crt/g/af/e7/3572_prsn_400Ye.jpg?r=1692340928",
              "large": "https://lain.bgm.tv/pic/crt/l/af/e7/3572_prsn_400Ye.jpg?r=1692340928",
              "medium": "https://lain.bgm.tv/pic/crt/m/af/e7/3572_prsn_400Ye.jpg?r=1692340928",
              "small": "https://lain.bgm.tv/pic/crt/s/af/e7/3572_prsn_400Ye.jpg?r=1692340928",
            },
            "lock": false,
            "name": "増原光幸",
            "nameCN": "增原光幸",
            "nsfw": false,
            "type": 1,
          },
          "summary": "",
        },
        Object {
          "appearEps": "",
          "person": Object {
            "comment": 2,
            "id": 13038,
            "images": Object {
              "grid": "https://lain.bgm.tv/pic/crt/g/42/79/13038_prsn_6FlQZ.jpg",
              "large": "https://lain.bgm.tv/pic/crt/l/42/79/13038_prsn_6FlQZ.jpg",
              "medium": "https://lain.bgm.tv/pic/crt/m/42/79/13038_prsn_6FlQZ.jpg",
              "small": "https://lain.bgm.tv/pic/crt/s/42/79/13038_prsn_6FlQZ.jpg",
            },
            "lock": false,
            "name": "木村寛",
            "nameCN": "木村宽",
            "nsfw": false,
            "type": 1,
          },
          "summary": "",
        },
        Object {
          "appearEps": "",
          "person": Object {
            "comment": 0,
            "id": 13047,
            "images": Object {
              "grid": "https://lain.bgm.tv/pic/crt/g/ed/ae/13047_prsn_ySKJ7.jpg",
              "large": "https://lain.bgm.tv/pic/crt/l/ed/ae/13047_prsn_ySKJ7.jpg",
              "medium": "https://lain.bgm.tv/pic/crt/m/ed/ae/13047_prsn_ySKJ7.jpg",
              "small": "https://lain.bgm.tv/pic/crt/s/ed/ae/13047_prsn_ySKJ7.jpg",
            },
            "lock": false,
            "name": "鈴木薫",
            "nameCN": "铃木薰（动画师）",
            "nsfw": false,
            "type": 1,
          },
          "summary": "",
        },
        Object {
          "appearEps": "",
          "person": Object {
            "comment": 25,
            "id": 13521,
            "images": Object {
              "grid": "https://lain.bgm.tv/pic/crt/g/7a/ff/13521_prsn_m4l7d.jpg",
              "large": "https://lain.bgm.tv/pic/crt/l/7a/ff/13521_prsn_m4l7d.jpg",
              "medium": "https://lain.bgm.tv/pic/crt/m/7a/ff/13521_prsn_m4l7d.jpg",
              "small": "https://lain.bgm.tv/pic/crt/s/7a/ff/13521_prsn_m4l7d.jpg",
            },
            "lock": false,
            "name": "鎌仲史陽",
            "nameCN": "镰仲史阳",
            "nsfw": false,
            "type": 1,
          },
          "summary": "",
        },
        Object {
          "appearEps": "",
          "person": Object {
            "comment": 0,
            "id": 14205,
            "lock": false,
            "name": "宮田亮",
            "nameCN": "宫田亮",
            "nsfw": false,
            "type": 1,
          },
          "summary": "",
        },
        Object {
          "appearEps": "",
          "person": Object {
            "comment": 3,
            "id": 19154,
            "lock": false,
            "name": "渕上真",
            "nameCN": "渊上真",
            "nsfw": false,
            "type": 1,
          },
          "summary": "",
        },
      ],
    },
    Object {
      "position": Object {
        "cn": "人物设定",
        "en": "Character Design",
        "id": 8,
        "jp": "キャラ設定",
      },
      "staffs": Array [
        Object {
          "appearEps": "",
          "person": Object {
            "comment": 0,
            "id": 11215,
            "images": Object {
              "grid": "https://lain.bgm.tv/pic/crt/g/a0/c8/11215_prsn_zSGVJ.jpg?r=1390748112",
              "large": "https://lain.bgm.tv/pic/crt/l/a0/c8/11215_prsn_zSGVJ.jpg?r=1390748112",
              "medium": "https://lain.bgm.tv/pic/crt/m/a0/c8/11215_prsn_zSGVJ.jpg?r=1390748112",
              "small": "https://lain.bgm.tv/pic/crt/s/a0/c8/11215_prsn_zSGVJ.jpg?r=1390748112",
            },
            "lock": false,
            "name": "高浪敬太郎",
            "nameCN": "高浪敬太郎",
            "nsfw": false,
            "type": 1,
          },
          "summary": "",
        },
      ],
    },
    Object {
      "position": Object {
        "cn": "美术监督",
        "en": "Art Direction",
        "id": 11,
        "jp": "美術監督 アートディレクション 背景監督",
      },
      "staffs": Array [
        Object {
          "appearEps": "",
          "person": Object {
            "comment": 0,
            "id": 36,
            "images": Object {
              "grid": "https://lain.bgm.tv/pic/crt/g/19/ca/36_prsn_anidb.jpg",
              "large": "https://lain.bgm.tv/pic/crt/l/19/ca/36_prsn_anidb.jpg",
              "medium": "https://lain.bgm.tv/pic/crt/m/19/ca/36_prsn_anidb.jpg",
              "small": "https://lain.bgm.tv/pic/crt/s/19/ca/36_prsn_anidb.jpg",
            },
            "lock": false,
            "name": "阿部恒",
            "nameCN": "阿部恒",
            "nsfw": false,
            "type": 1,
          },
          "summary": "",
        },
      ],
    },
    Object {
      "position": Object {
        "cn": "总作画监督",
        "en": "Chief Animation Director",
        "id": 14,
        "jp": "チーフ作画監督",
      },
      "staffs": Array [
        Object {
          "appearEps": "",
          "person": Object {
            "comment": 0,
            "id": 1661,
            "lock": false,
            "name": "坂巻貞彦",
            "nameCN": "坂卷贞彦",
            "nsfw": false,
            "type": 1,
          },
          "summary": "",
        },
      ],
    },
    Object {
      "position": Object {
        "cn": "摄影监督",
        "en": "Director of Photography",
        "id": 17,
        "jp": "撮影監督",
      },
      "staffs": Array [
        Object {
          "appearEps": "",
          "person": Object {
            "comment": 1,
            "id": 13438,
            "lock": false,
            "name": "柴田千佳子",
            "nameCN": "柴田千佳子",
            "nsfw": false,
            "type": 1,
          },
          "summary": "",
        },
      ],
    },
    Object {
      "position": Object {
        "cn": "背景美术",
        "en": "Background Art",
        "id": 25,
        "jp": "背景",
      },
      "staffs": Array [
        Object {
          "appearEps": "",
          "person": Object {
            "comment": 0,
            "id": 36,
            "images": Object {
              "grid": "https://lain.bgm.tv/pic/crt/g/19/ca/36_prsn_anidb.jpg",
              "large": "https://lain.bgm.tv/pic/crt/l/19/ca/36_prsn_anidb.jpg",
              "medium": "https://lain.bgm.tv/pic/crt/m/19/ca/36_prsn_anidb.jpg",
              "small": "https://lain.bgm.tv/pic/crt/s/19/ca/36_prsn_anidb.jpg",
            },
            "lock": false,
            "name": "阿部恒",
            "nameCN": "阿部恒",
            "nsfw": false,
            "type": 1,
          },
          "summary": "",
        },
      ],
    },
    Object {
      "position": Object {
        "cn": "剪辑",
        "en": "Editing",
        "id": 28,
        "jp": "編集",
      },
      "staffs": Array [
        Object {
          "appearEps": "",
          "person": Object {
            "comment": 0,
            "id": 36,
            "images": Object {
              "grid": "https://lain.bgm.tv/pic/crt/g/19/ca/36_prsn_anidb.jpg",
              "large": "https://lain.bgm.tv/pic/crt/l/19/ca/36_prsn_anidb.jpg",
              "medium": "https://lain.bgm.tv/pic/crt/m/19/ca/36_prsn_anidb.jpg",
              "small": "https://lain.bgm.tv/pic/crt/s/19/ca/36_prsn_anidb.jpg",
            },
            "lock": false,
            "name": "阿部恒",
            "nameCN": "阿部恒",
            "nsfw": false,
            "type": 1,
          },
          "summary": "",
        },
        Object {
          "appearEps": "",
          "person": Object {
            "comment": 0,
            "id": 194,
            "lock": false,
            "name": "南伸一郎",
            "nameCN": "南伸一郎",
            "nsfw": false,
            "type": 1,
          },
          "summary": "",
        },
        Object {
          "appearEps": "",
          "person": Object {
            "comment": 0,
            "id": 385,
            "images": Object {
              "grid": "https://lain.bgm.tv/pic/crt/g/13/7c/385_prsn_C4ZKJ.jpg",
              "large": "https://lain.bgm.tv/pic/crt/l/13/7c/385_prsn_C4ZKJ.jpg",
              "medium": "https://lain.bgm.tv/pic/crt/m/13/7c/385_prsn_C4ZKJ.jpg",
              "small": "https://lain.bgm.tv/pic/crt/s/13/7c/385_prsn_C4ZKJ.jpg",
            },
            "lock": false,
            "name": "藤田まり子",
            "nameCN": "藤田圆子",
            "nsfw": false,
            "type": 1,
          },
          "summary": "",
        },
        Object {
          "appearEps": "",
          "person": Object {
            "comment": 0,
            "id": 913,
            "lock": false,
            "name": "桜井邦彦",
            "nameCN": "樱井邦彦",
            "nsfw": false,
            "type": 1,
          },
          "summary": "",
        },
        Object {
          "appearEps": "",
          "person": Object {
            "comment": 2,
            "id": 1353,
            "lock": false,
            "name": "阿部純子",
            "nameCN": "阿部纯子",
            "nsfw": false,
            "type": 1,
          },
          "summary": "",
        },
        Object {
          "appearEps": "",
          "person": Object {
            "comment": 3,
            "id": 1709,
            "images": Object {
              "grid": "https://lain.bgm.tv/pic/crt/g/07/c4/1709_prsn_761M4.jpg",
              "large": "https://lain.bgm.tv/pic/crt/l/07/c4/1709_prsn_761M4.jpg",
              "medium": "https://lain.bgm.tv/pic/crt/m/07/c4/1709_prsn_761M4.jpg",
              "small": "https://lain.bgm.tv/pic/crt/s/07/c4/1709_prsn_761M4.jpg",
            },
            "lock": false,
            "name": "藤田しげる",
            "nameCN": "藤田荣",
            "nsfw": false,
            "type": 1,
          },
          "summary": "",
        },
        Object {
          "appearEps": "",
          "person": Object {
            "comment": 0,
            "id": 2076,
            "lock": false,
            "name": "岩井優器",
            "nameCN": "岩井优器",
            "nsfw": false,
            "type": 1,
          },
          "summary": "",
        },
        Object {
          "appearEps": "",
          "person": Object {
            "comment": 12,
            "id": 2435,
            "images": Object {
              "grid": "https://lain.bgm.tv/pic/crt/g/a8/65/2435_prsn_TOBlR.jpg?r=1689570190",
              "large": "https://lain.bgm.tv/pic/crt/l/a8/65/2435_prsn_TOBlR.jpg?r=1689570190",
              "medium": "https://lain.bgm.tv/pic/crt/m/a8/65/2435_prsn_TOBlR.jpg?r=1689570190",
              "small": "https://lain.bgm.tv/pic/crt/s/a8/65/2435_prsn_TOBlR.jpg?r=1689570190",
            },
            "lock": false,
            "name": "柳瀬雄之",
            "nameCN": "柳濑雄之",
            "nsfw": false,
            "type": 1,
          },
          "summary": "",
        },
        Object {
          "appearEps": "",
          "person": Object {
            "comment": 2,
            "id": 2758,
            "images": Object {
              "grid": "https://lain.bgm.tv/pic/crt/g/fc/e2/2758_prsn_QoKLl.jpg",
              "large": "https://lain.bgm.tv/pic/crt/l/fc/e2/2758_prsn_QoKLl.jpg",
              "medium": "https://lain.bgm.tv/pic/crt/m/fc/e2/2758_prsn_QoKLl.jpg",
              "small": "https://lain.bgm.tv/pic/crt/s/fc/e2/2758_prsn_QoKLl.jpg",
            },
            "lock": false,
            "name": "田﨑聡",
            "nameCN": "田崎聪",
            "nsfw": false,
            "type": 1,
          },
          "summary": "",
        },
        Object {
          "appearEps": "",
          "person": Object {
            "comment": 8,
            "id": 3078,
            "images": Object {
              "grid": "https://lain.bgm.tv/pic/crt/g/0f/b8/3078_prsn_S3p7t.jpg?r=1701577259",
              "large": "https://lain.bgm.tv/pic/crt/l/0f/b8/3078_prsn_S3p7t.jpg?r=1701577259",
              "medium": "https://lain.bgm.tv/pic/crt/m/0f/b8/3078_prsn_S3p7t.jpg?r=1701577259",
              "small": "https://lain.bgm.tv/pic/crt/s/0f/b8/3078_prsn_S3p7t.jpg?r=1701577259",
            },
            "lock": false,
            "name": "濱田邦彦",
            "nameCN": "滨田邦彦",
            "nsfw": false,
            "type": 1,
          },
          "summary": "",
        },
        Object {
          "appearEps": "",
          "person": Object {
            "comment": 3,
            "id": 3214,
            "images": Object {
              "grid": "https://lain.bgm.tv/pic/crt/g/89/d4/3214_prsn_anidb.jpg",
              "large": "https://lain.bgm.tv/pic/crt/l/89/d4/3214_prsn_anidb.jpg",
              "medium": "https://lain.bgm.tv/pic/crt/m/89/d4/3214_prsn_anidb.jpg",
              "small": "https://lain.bgm.tv/pic/crt/s/89/d4/3214_prsn_anidb.jpg",
            },
            "lock": false,
            "name": "n",
            "nameCN": "",
            "nsfw": false,
            "type": 1,
          },
          "summary": "",
        },
        Object {
          "appearEps": "",
          "person": Object {
            "comment": 72,
            "id": 3269,
            "images": Object {
              "grid": "https://lain.bgm.tv/pic/crt/g/89/4f/3269_prsn_07pFs.jpg?r=1688016124",
              "large": "https://lain.bgm.tv/pic/crt/l/89/4f/3269_prsn_07pFs.jpg?r=1688016124",
              "medium": "https://lain.bgm.tv/pic/crt/m/89/4f/3269_prsn_07pFs.jpg?r=1688016124",
              "small": "https://lain.bgm.tv/pic/crt/s/89/4f/3269_prsn_07pFs.jpg?r=1688016124",
            },
            "lock": false,
            "name": "田中将賀",
            "nameCN": "田中将贺",
            "nsfw": false,
            "type": 1,
          },
          "summary": "",
        },
        Object {
          "appearEps": "",
          "person": Object {
            "comment": 23,
            "id": 3611,
            "images": Object {
              "grid": "https://lain.bgm.tv/pic/crt/g/65/20/3611_prsn_jN16z.jpg",
              "large": "https://lain.bgm.tv/pic/crt/l/65/20/3611_prsn_jN16z.jpg",
              "medium": "https://lain.bgm.tv/pic/crt/m/65/20/3611_prsn_jN16z.jpg",
              "small": "https://lain.bgm.tv/pic/crt/s/65/20/3611_prsn_jN16z.jpg",
            },
            "lock": false,
            "name": "田中雄一",
            "nameCN": "田中雄一",
            "nsfw": false,
            "type": 1,
          },
          "summary": "",
        },
        Object {
          "appearEps": "",
          "person": Object {
            "comment": 0,
            "id": 12190,
            "lock": false,
            "name": "内田孝",
            "nameCN": "",
            "nsfw": false,
            "type": 1,
          },
          "summary": "",
        },
        Object {
          "appearEps": "",
          "person": Object {
            "comment": 0,
            "id": 12254,
            "lock": false,
            "name": "斉藤雅和",
            "nameCN": "齐藤雅和",
            "nsfw": false,
            "type": 1,
          },
          "summary": "",
        },
        Object {
          "appearEps": "",
          "person": Object {
            "comment": 0,
            "id": 34895,
            "lock": false,
            "name": "村上元一",
            "nameCN": "村上元一",
            "nsfw": false,
            "type": 1,
          },
          "summary": "",
        },
      ],
    },
    Object {
      "position": Object {
        "cn": "企画",
        "en": "Planning",
        "id": 35,
        "jp": "プランニング  企画開発",
      },
      "staffs": Array [
        Object {
          "appearEps": "",
          "person": Object {
            "comment": 0,
            "id": 1738,
            "lock": false,
            "name": "葛山剛士",
            "nameCN": "葛山刚士",
            "nsfw": false,
            "type": 1,
          },
          "summary": "",
        },
        Object {
          "appearEps": "",
          "person": Object {
            "comment": 0,
            "id": 2330,
            "lock": false,
            "name": "岸克芳",
            "nameCN": "岸克芳",
            "nsfw": false,
            "type": 1,
          },
          "summary": "",
        },
      ],
    },
    Object {
      "position": Object {
        "cn": "製作",
        "en": "Production",
        "id": 42,
        "jp": "",
      },
      "staffs": Array [
        Object {
          "appearEps": "",
          "person": Object {
            "comment": 0,
            "id": 28855,
            "lock": false,
            "name": "木村雅広",
            "nameCN": "木村雅广",
            "nsfw": false,
            "type": 1,
          },
          "summary": "",
        },
      ],
    },
  ],
  "total": 34,
}
`;

exports[`subject > should get subject recs 1`] = `
Object {
  "data": Array [],
  "total": 0,
}
`;

exports[`subject > should get subject relations 1`] = `
Object {
  "data": Array [
    Object {
      "order": 0,
      "relation": Object {
        "cn": "画集",
        "desc": "",
        "en": "Album",
        "id": 1004,
        "jp": "",
      },
      "subject": Object {
        "id": 11,
        "images": Object {
          "common": "https://lain.bgm.tv/pic/cover/c/65/12/11_bsxG3.jpg",
          "grid": "https://lain.bgm.tv/pic/cover/g/65/12/11_bsxG3.jpg",
          "large": "https://lain.bgm.tv/pic/cover/l/65/12/11_bsxG3.jpg",
          "medium": "https://lain.bgm.tv/pic/cover/m/65/12/11_bsxG3.jpg",
          "small": "https://lain.bgm.tv/pic/cover/s/65/12/11_bsxG3.jpg",
        },
        "info": "2003-03 / CLAMP / 講談社 / 138",
        "locked": false,
        "name": "ちょびっツの「ツ」の字 - Chobits Fan Book",
        "nameCN": "",
        "nsfw": false,
        "rating": Object {
          "count": Array [
            0,
            0,
            0,
            0,
            0,
            1,
            3,
            6,
            1,
            2,
          ],
          "rank": 0,
          "score": 8,
          "total": 13,
        },
        "type": 1,
      },
    },
  ],
  "total": 2,
}
`;

exports[`subject > should get subject reviews 1`] = `
Object {
  "data": Array [
    Object {
      "entry": Object {
        "createdAt": 1680065731,
        "icon": "https://lain.bgm.tv/pic/photo/g/no_photo.png",
        "id": 319484,
        "public": true,
        "replies": 1,
        "summary": "试试",
        "title": "试试",
        "type": 1,
        "uid": 287622,
        "updatedAt": 1680072373,
      },
      "id": 168120,
      "user": Object {
        "avatar": Object {
          "large": "https://lain.bgm.tv/pic/user/l/icon.jpg",
          "medium": "https://lain.bgm.tv/pic/user/m/icon.jpg",
          "small": "https://lain.bgm.tv/pic/user/s/icon.jpg",
        },
        "id": 287622,
        "joinedAt": 0,
        "nickname": "nickname 287622",
        "sign": "sing 287622",
        "username": "287622",
      },
    },
  ],
  "total": 1,
}
`;

exports[`subject > should get subject staffs 1`] = `
Object {
  "data": Array [
    Object {
      "positions": Array [
        Object {
          "appearEps": "",
          "summary": "",
          "type": Object {
            "cn": "原作",
            "en": "Original Creator/Original Work",
            "id": 1,
            "jp": "",
          },
        },
      ],
      "staff": Object {
        "comment": 59,
        "id": 39,
        "images": Object {
          "grid": "https://lain.bgm.tv/pic/crt/g/d6/7d/39_prsn_anidb.jpg",
          "large": "https://lain.bgm.tv/pic/crt/l/d6/7d/39_prsn_anidb.jpg",
          "medium": "https://lain.bgm.tv/pic/crt/m/d6/7d/39_prsn_anidb.jpg",
          "small": "https://lain.bgm.tv/pic/crt/s/d6/7d/39_prsn_anidb.jpg",
        },
        "lock": false,
        "name": "CLAMP",
        "nameCN": "",
        "nsfw": false,
        "type": 3,
      },
    },
    Object {
      "positions": Array [
        Object {
          "appearEps": "",
          "summary": "",
          "type": Object {
            "cn": "导演",
            "en": "Director/Direction",
            "id": 2,
            "jp": "監督 シリーズ監督",
          },
        },
        Object {
          "appearEps": "",
          "summary": "",
          "type": Object {
            "cn": "分镜",
            "en": "Storyboard",
            "id": 4,
            "jp": "コンテ  ストーリーボード  画コンテ  絵コンテ",
          },
        },
        Object {
          "appearEps": "",
          "summary": "",
          "type": Object {
            "cn": "演出",
            "en": "Episode Direction",
            "id": 5,
            "jp": "",
          },
        },
      ],
      "staff": Object {
        "comment": 100,
        "id": 40,
        "images": Object {
          "grid": "https://lain.bgm.tv/pic/crt/g/1e/ef/40_prsn_JQ7B0.jpg?r=1701577139",
          "large": "https://lain.bgm.tv/pic/crt/l/1e/ef/40_prsn_JQ7B0.jpg?r=1701577139",
          "medium": "https://lain.bgm.tv/pic/crt/m/1e/ef/40_prsn_JQ7B0.jpg?r=1701577139",
          "small": "https://lain.bgm.tv/pic/crt/s/1e/ef/40_prsn_JQ7B0.jpg?r=1701577139",
        },
        "lock": false,
        "name": "浅香守生",
        "nameCN": "浅香守生",
        "nsfw": false,
        "type": 1,
      },
    },
  ],
  "total": 91,
}
`;

exports[`subject topics > should get subject topics 1`] = `
Object {
  "data": Array [
    Object {
      "createdAt": 1462335911,
      "creator": Object {
        "avatar": Object {
          "large": "https://lain.bgm.tv/pic/user/l/000/38/29/382951.jpg?r=1571167246",
          "medium": "https://lain.bgm.tv/pic/user/m/000/38/29/382951.jpg?r=1571167246",
          "small": "https://lain.bgm.tv/pic/user/s/000/38/29/382951.jpg?r=1571167246",
        },
        "id": 382951,
        "joinedAt": 1512262276,
        "nickname": "树洞酱",
        "sign": "treeholechan@gmail.com 密码:lovemeplease",
        "username": "382951",
      },
      "display": 1,
      "id": 6873,
      "parentID": 12,
      "repliesCount": 0,
      "state": 0,
      "title": "Test Topic",
      "updatedAt": 0,
    },
  ],
  "total": 1,
}
`;

exports[`subject topics > should not edit topic by non-owner 1`] = `
Object {
  "code": "NOT_ALLOWED",
  "error": "Unauthorized",
  "message": "you don't have permission to update topic",
  "statusCode": 401,
}
`;
