// Vitest Snapshot v1, https://vitest.dev/guide/snapshot.html

exports[`group topics > should failed on not found group 1`] = `
Object {
  "code": "NOT_FOUND",
  "error": "Not Found",
  "message": "group not found",
  "statusCode": 404,
}
`;

exports[`group topics > should fetch topic details 1`] = `
Object {
  "createdAt": 1680273073,
  "creator": Object {
    "avatar": Object {
      "large": "https://lain.bgm.tv/pic/user/l/icon.jpg",
      "medium": "https://lain.bgm.tv/pic/user/m/icon.jpg",
      "small": "https://lain.bgm.tv/pic/user/s/icon.jpg",
    },
    "id": 287622,
    "joinedAt": 0,
    "nickname": "nickname 287622",
    "sign": "sing 287622",
    "username": "287622",
  },
  "id": 379821,
  "parent": Object {
    "createdAt": 1531631310,
    "creatorID": 287622,
    "icon": Object {
      "large": "https://lain.bgm.tv/pic/user/l/000/00/42/4215.jpg?r=1531631345",
      "medium": "https://lain.bgm.tv/pic/user/m/000/00/42/4215.jpg?r=1531631345",
      "small": "https://lain.bgm.tv/pic/user/s/000/00/42/4215.jpg?r=1531631345",
    },
    "id": 4215,
    "name": "sandbox",
    "nsfw": false,
    "title": "沙盒",
    "totalMembers": 3,
  },
  "reactions": Array [
    Object {
      "selected": false,
      "total": 2,
      "value": 54,
    },
    Object {
      "selected": false,
      "total": 2,
      "value": 68,
    },
    Object {
      "selected": false,
      "total": 1,
      "value": 92,
    },
    Object {
      "selected": false,
      "total": 1,
      "value": 122,
    },
    Object {
      "selected": false,
      "total": 1,
      "value": 128,
    },
    Object {
      "selected": false,
      "total": 2,
      "value": 132,
    },
    Object {
      "selected": false,
      "total": 1,
      "value": 137,
    },
  ],
  "replies": Array [
    Object {
      "createdAt": 1680273078,
      "creator": Object {
        "avatar": Object {
          "large": "https://lain.bgm.tv/pic/user/l/icon.jpg",
          "medium": "https://lain.bgm.tv/pic/user/m/icon.jpg",
          "small": "https://lain.bgm.tv/pic/user/s/icon.jpg",
        },
        "id": 287622,
        "joinedAt": 0,
        "nickname": "nickname 287622",
        "sign": "sing 287622",
        "username": "287622",
      },
      "id": 2288669,
      "isFriend": false,
      "reactions": Array [
        Object {
          "selected": false,
          "total": 1,
          "value": 68,
        },
        Object {
          "selected": false,
          "total": 1,
          "value": 85,
        },
        Object {
          "selected": false,
          "total": 1,
          "value": 90,
        },
        Object {
          "selected": false,
          "total": 1,
          "value": 92,
        },
        Object {
          "selected": false,
          "total": 1,
          "value": 122,
        },
        Object {
          "selected": false,
          "total": 1,
          "value": 132,
        },
      ],
      "replies": Array [
        Object {
          "createdAt": 1680273085,
          "creator": Object {
            "avatar": Object {
              "large": "https://lain.bgm.tv/pic/user/l/icon.jpg",
              "medium": "https://lain.bgm.tv/pic/user/m/icon.jpg",
              "small": "https://lain.bgm.tv/pic/user/s/icon.jpg",
            },
            "id": 287622,
            "joinedAt": 0,
            "nickname": "nickname 287622",
            "sign": "sing 287622",
            "username": "287622",
          },
          "id": 2288670,
          "isFriend": false,
          "reactions": Array [
            Object {
              "selected": false,
              "total": 1,
              "value": 60,
            },
            Object {
              "selected": false,
              "total": 2,
              "value": 62,
            },
            Object {
              "selected": false,
              "total": 1,
              "value": 122,
            },
            Object {
              "selected": false,
              "total": 1,
              "value": 128,
            },
            Object {
              "selected": false,
              "total": 3,
              "value": 137,
            },
          ],
          "state": 0,
          "text": "bb",
        },
      ],
      "state": 0,
      "text": "11",
    },
    Object {
      "createdAt": 1680275867,
      "creator": Object {
        "avatar": Object {
          "large": "https://lain.bgm.tv/pic/user/l/icon.jpg",
          "medium": "https://lain.bgm.tv/pic/user/m/icon.jpg",
          "small": "https://lain.bgm.tv/pic/user/s/icon.jpg",
        },
        "id": 287622,
        "joinedAt": 0,
        "nickname": "nickname 287622",
        "sign": "sing 287622",
        "username": "287622",
      },
      "id": 2288733,
      "isFriend": false,
      "reactions": Array [],
      "replies": Array [],
      "state": 0,
      "text": "no reactions in this post",
    },
  ],
  "state": 0,
  "text": "t",
  "title": "reaction",
}
`;
