// Vitest Snapshot v1, https://vitest.dev/guide/snapshot.html

exports[`character > should character subjects 1`] = `
Object {
  "data": Object {
    "character": Object {
      "subjects": Array [
        Object {
          "order": 0,
          "subject": Object {
            "id": 12,
            "name": "ちょびっツ",
          },
          "type": 1,
        },
      ],
    },
  },
}
`;
