// Vitest Snapshot v1, https://vitest.dev/guide/snapshot.html

exports[`group topic reactions 1`] = `
Object {
  "2288668": Array [
    Object {
      "users": Array [],
      "value": 54,
    },
    Object {
      "users": Array [],
      "value": 68,
    },
    Object {
      "users": Array [],
      "value": 92,
    },
    Object {
      "users": Array [],
      "value": 122,
    },
    Object {
      "users": Array [],
      "value": 128,
    },
    Object {
      "users": Array [],
      "value": 132,
    },
    Object {
      "users": Array [],
      "value": 137,
    },
  ],
  "2288669": Array [
    Object {
      "users": Array [],
      "value": 68,
    },
    Object {
      "users": Array [],
      "value": 85,
    },
    Object {
      "users": Array [],
      "value": 90,
    },
    Object {
      "users": Array [],
      "value": 92,
    },
    Object {
      "users": Array [],
      "value": 122,
    },
    Object {
      "users": Array [],
      "value": 132,
    },
  ],
  "2288670": Array [
    Object {
      "users": Array [],
      "value": 60,
    },
    Object {
      "users": Array [],
      "value": 62,
    },
    Object {
      "users": Array [],
      "value": 122,
    },
    Object {
      "users": Array [],
      "value": 128,
    },
    Object {
      "users": Array [],
      "value": 137,
    },
  ],
}
`;
