// Vitest Snapshot v1

exports[`graphql > should return error 1`] = `
{
  "code": "TOKEN_INVALID",
  "error": "Unauthorized",
  "message": "can't find access token or it has been expired",
  "statusCode": 401,
}
`;

exports[`subject > should subject tags 1`] = `
{
  "tags": [
    {
      "count": 1645,
      "name": "叛逆的鲁鲁修",
    },
    {
      "count": 1229,
      "name": "SUNRISE",
    },
    {
      "count": 936,
      "name": "反逆のルルーシュ",
    },
  ],
}
`;
